// Jest Snapshot v1, https://goo.gl/fbAQLP

exports[`Add new answer form click on submit button when form not filled properly 1`] = `ShallowWrapper {}`;
