// Jest Snapshot v1, https://goo.gl/fbAQLP

exports[`Add new question form change valid state if all fields are properly filled 1`] = `ShallowWrapper {}`;

exports[`Add new question form click on submit button when form not filled properly 1`] = `ShallowWrapper {}`;
